
> lw-ojt-app@0.0.0 build
> vite build

[36mvite v7.3.1 [32mbuilding client environment for production...[36m[39m
transforming...
[32mÔ£ô[39m 2033 modules transformed.
node.exe : 
[31mÔ£ù[39m Build 
failed in 4.26s
At line:1 char:1
+ & "C:\Program Files
\nodejs/node.exe" 
"C:\Program 
Files\nodejs/node_mo 
...
+ ~~~~~~~~~~~~~~~~~~~
~~~~~~~~~~~~~~~~~~~~~
~~~~~~~~~~~~~~~~~~~~~
~~~~~~~~
    + CategoryInfo   
           : NotSpe  
  cified: ([31mÔ£   
 ù[39m Build fai    
led in 4.26s:Str    
ing) [], RemoteE    
xception
    + FullyQualified 
   ErrorId : Native  
  CommandError
 
[31merror during 
build:
[31m[vite]: Rollup 
failed to resolve 
import 
"tailwind-merge" 
from "C:/Users/Nitro/
Downloads/LW-OJT-APP/
LW-OJT-App/src/lib/ut
ils.js".
This is most likely 
unintended because 
it can break your 
application at 
runtime.
If you do want to 
externalize this 
module explicitly 
add it to
`build.rollupOptions.
external`[31m
    at viteLog (file:
///C:/Users/Nitro/Dow
nloads/LW-OJT-APP/LW-
OJT-App/node_modules/
vite/dist/node/chunks
/config.js:33635:57)
    at file:///C:/Use
rs/Nitro/Downloads/LW
-OJT-APP/LW-OJT-App/n
ode_modules/vite/dist
/node/chunks/config.j
s:33669:73
    at onwarn (file:/
//C:/Users/Nitro/Down
loads/LW-OJT-APP/LW-O
JT-App/node_modules/@
vitejs/plugin-react/d
ist/index.js:76:7)
    at file:///C:/Use
rs/Nitro/Downloads/LW
-OJT-APP/LW-OJT-App/n
ode_modules/vite/dist
/node/chunks/config.j
s:33669:28
    at onRollupLog (f
ile:///C:/Users/Nitro
/Downloads/LW-OJT-APP
/LW-OJT-App/node_modu
les/vite/dist/node/ch
unks/config.js:33664:
63)
    at onLog (file://
/C:/Users/Nitro/Downl
oads/LW-OJT-APP/LW-OJ
T-App/node_modules/vi
te/dist/node/chunks/c
onfig.js:33467:4)
    at file:///C:/Use
rs/Nitro/Downloads/LW
-OJT-APP/LW-OJT-App/n
ode_modules/rollup/di
st/es/shared/node-ent
ry.js:20958:32
    at Object.logger 
[as onLog] (file:///C
:/Users/Nitro/Downloa
ds/LW-OJT-APP/LW-OJT-
App/node_modules/roll
up/dist/es/shared/nod
e-entry.js:22945:9)
    at ModuleLoader.h
andleInvalidResolvedI
d (file:///C:/Users/N
itro/Downloads/LW-OJT
-APP/LW-OJT-App/node_
modules/rollup/dist/e
s/shared/node-entry.j
s:21689:26)
    at file:///C:/Use
rs/Nitro/Downloads/LW
-OJT-APP/LW-OJT-App/n
ode_modules/rollup/di
st/es/shared/node-ent
ry.js:21647:26[39m
